RAM Allocation [bytes]
Variable                                                                          Address   Size
------------------------------------------------------------------------------------------------
seg                                                                               0x0260      10
_base_y                                                                           0x026A       4

EEPROM Allocation [bytes]
Variable                                                                          Address   Size
------------------------------------------------------------------------------------------------

Register Allocation
Variable                                                                          Register  Size
------------------------------------------------------------------------------------------------
_lcd_x                                                                            R5           1
_lcd_y                                                                            R4           1
_lcd_maxx                                                                         R7           1

FLASH Allocation [words]
Function                                                                          Address   Size
------------------------------------------------------------------------------------------------
decToBinary                                                                       0x0007A     71
main                                                                              0x000C1    138
_lcd_write_nibble_G100                                                            0x0014B     20
_lcd_write_data                                                                   0x0015F     12
lcd_gotoxy                                                                        0x0016B     13
lcd_clear                                                                         0x00178     12
lcd_putchar                                                                       0x00184     21
lcd_puts                                                                          0x00199     17
lcd_init                                                                          0x001AA     45
put_buff_G101                                                                     0x001D7     64
_print_G101                                                                       0x00217    308
sprintf                                                                           0x0034B     52
strlen                                                                            0x0037F     12
strlenf                                                                           0x0038B     13
